time=2026-04-05T17:33:02.776+08:00 level=INFO msg="reading 2021 to-review.csv" path=to-review.csv
time=2026-04-05T17:33:02.784+08:00 level=INFO msg="loaded 2021 data" rows=3748
time=2026-04-05T17:33:02.785+08:00 level=INFO msg="grouped 2021 data by DUN" dunCount=82
time=2026-04-05T17:33:02.785+08:00 level=INFO msg="comparing DUN" dun=N.01 rows2021=33 rows2016=28
time=2026-04-05T17:33:02.786+08:00 level=INFO msg="comparing DUN" dun=N.02 rows2021=48 rows2016=38
time=2026-04-05T17:33:02.786+08:00 level=INFO msg="comparing DUN" dun=N.03 rows2021=37 rows2016=28
time=2026-04-05T17:33:02.786+08:00 level=INFO msg="comparing DUN" dun=N.04 rows2021=56 rows2016=40
time=2026-04-05T17:33:02.787+08:00 level=INFO msg="comparing DUN" dun=N.05 rows2021=42 rows2016=32
time=2026-04-05T17:33:02.787+08:00 level=INFO msg="comparing DUN" dun=N.06 rows2021=68 rows2016=47
time=2026-04-05T17:33:02.787+08:00 level=INFO msg="comparing DUN" dun=N.07 rows2021=52 rows2016=38
time=2026-04-05T17:33:02.787+08:00 level=INFO msg="comparing DUN" dun=N.08 rows2021=36 rows2016=31
time=2026-04-05T17:33:02.788+08:00 level=INFO msg="comparing DUN" dun=N.09 rows2021=52 rows2016=49
time=2026-04-05T17:33:02.788+08:00 level=INFO msg="comparing DUN" dun=N.10 rows2021=68 rows2016=60
time=2026-04-05T17:33:02.788+08:00 level=INFO msg="comparing DUN" dun=N.11 rows2021=71 rows2016=58
time=2026-04-05T17:33:02.789+08:00 level=INFO msg="comparing DUN" dun=N.12 rows2021=62 rows2016=50
time=2026-04-05T17:33:02.789+08:00 level=INFO msg="comparing DUN" dun=N.13 rows2021=49 rows2016=37
time=2026-04-05T17:33:02.789+08:00 level=INFO msg="comparing DUN" dun=N.14 rows2021=49 rows2016=35
time=2026-04-05T17:33:02.790+08:00 level=INFO msg="comparing DUN" dun=N.15 rows2021=50 rows2016=33
time=2026-04-05T17:33:02.790+08:00 level=INFO msg="comparing DUN" dun=N.16 rows2021=69 rows2016=52
time=2026-04-05T17:33:02.790+08:00 level=INFO msg="comparing DUN" dun=N.17 rows2021=52 rows2016=35
time=2026-04-05T17:33:02.790+08:00 level=INFO msg="comparing DUN" dun=N.18 rows2021=39 rows2016=28
time=2026-04-05T17:33:02.791+08:00 level=INFO msg="comparing DUN" dun=N.19 rows2021=64 rows2016=54
time=2026-04-05T17:33:02.791+08:00 level=INFO msg="comparing DUN" dun=N.20 rows2021=62 rows2016=48
time=2026-04-05T17:33:02.791+08:00 level=INFO msg="comparing DUN" dun=N.21 rows2021=44 rows2016=35
time=2026-04-05T17:33:02.791+08:00 level=INFO msg="comparing DUN" dun=N.22 rows2021=44 rows2016=31
time=2026-04-05T17:33:02.792+08:00 level=INFO msg="comparing DUN" dun=N.23 rows2021=46 rows2016=36
time=2026-04-05T17:33:02.792+08:00 level=INFO msg="comparing DUN" dun=N.24 rows2021=22 rows2016=18
time=2026-04-05T17:33:02.792+08:00 level=INFO msg="comparing DUN" dun=N.25 rows2021=29 rows2016=27
time=2026-04-05T17:33:02.792+08:00 level=INFO msg="comparing DUN" dun=N.26 rows2021=27 rows2016=27
time=2026-04-05T17:33:02.792+08:00 level=INFO msg="comparing DUN" dun=N.27 rows2021=43 rows2016=33
time=2026-04-05T17:33:02.793+08:00 level=INFO msg="comparing DUN" dun=N.28 rows2021=33 rows2016=35
time=2026-04-05T17:33:02.793+08:00 level=INFO msg="comparing DUN" dun=N.29 rows2021=30 rows2016=25
time=2026-04-05T17:33:02.793+08:00 level=INFO msg="comparing DUN" dun=N.30 rows2021=41 rows2016=42
time=2026-04-05T17:33:02.793+08:00 level=INFO msg="comparing DUN" dun=N.31 rows2021=34 rows2016=34
time=2026-04-05T17:33:02.794+08:00 level=INFO msg="comparing DUN" dun=N.32 rows2021=35 rows2016=31
time=2026-04-05T17:33:02.794+08:00 level=INFO msg="comparing DUN" dun=N.33 rows2021=36 rows2016=33
time=2026-04-05T17:33:02.794+08:00 level=INFO msg="comparing DUN" dun=N.34 rows2021=40 rows2016=30
time=2026-04-05T17:33:02.794+08:00 level=INFO msg="comparing DUN" dun=N.35 rows2021=34 rows2016=30
time=2026-04-05T17:33:02.794+08:00 level=INFO msg="comparing DUN" dun=N.36 rows2021=39 rows2016=38
time=2026-04-05T17:33:02.795+08:00 level=INFO msg="comparing DUN" dun=N.37 rows2021=45 rows2016=45
time=2026-04-05T17:33:02.795+08:00 level=INFO msg="comparing DUN" dun=N.38 rows2021=24 rows2016=21
time=2026-04-05T17:33:02.795+08:00 level=INFO msg="comparing DUN" dun=N.39 rows2021=49 rows2016=46
time=2026-04-05T17:33:02.795+08:00 level=INFO msg="comparing DUN" dun=N.40 rows2021=28 rows2016=23
time=2026-04-05T17:33:02.795+08:00 level=INFO msg="comparing DUN" dun=N.41 rows2021=34 rows2016=31
time=2026-04-05T17:33:02.796+08:00 level=INFO msg="comparing DUN" dun=N.42 rows2021=36 rows2016=34
time=2026-04-05T17:33:02.796+08:00 level=INFO msg="comparing DUN" dun=N.43 rows2021=27 rows2016=24
time=2026-04-05T17:33:02.796+08:00 level=INFO msg="comparing DUN" dun=N.44 rows2021=28 rows2016=26
time=2026-04-05T17:33:02.796+08:00 level=INFO msg="comparing DUN" dun=N.45 rows2021=54 rows2016=43
time=2026-04-05T17:33:02.797+08:00 level=INFO msg="comparing DUN" dun=N.46 rows2021=51 rows2016=44
time=2026-04-05T17:33:02.797+08:00 level=INFO msg="comparing DUN" dun=N.47 rows2021=34 rows2016=30
time=2026-04-05T17:33:02.797+08:00 level=INFO msg="comparing DUN" dun=N.48 rows2021=40 rows2016=36
time=2026-04-05T17:33:02.797+08:00 level=INFO msg="comparing DUN" dun=N.49 rows2021=29 rows2016=26
time=2026-04-05T17:33:02.798+08:00 level=INFO msg="comparing DUN" dun=N.50 rows2021=34 rows2016=32
time=2026-04-05T17:33:02.798+08:00 level=INFO msg="comparing DUN" dun=N.51 rows2021=67 rows2016=59
time=2026-04-05T17:33:02.798+08:00 level=INFO msg="comparing DUN" dun=N.52 rows2021=82 rows2016=59
time=2026-04-05T17:33:02.799+08:00 level=INFO msg="comparing DUN" dun=N.53 rows2021=55 rows2016=48
time=2026-04-05T17:33:02.799+08:00 level=INFO msg="comparing DUN" dun=N.54 rows2021=75 rows2016=59
time=2026-04-05T17:33:02.799+08:00 level=INFO msg="comparing DUN" dun=N.55 rows2021=53 rows2016=39
time=2026-04-05T17:33:02.799+08:00 level=INFO msg="comparing DUN" dun=N.56 rows2021=36 rows2016=28
time=2026-04-05T17:33:02.800+08:00 level=INFO msg="comparing DUN" dun=N.57 rows2021=30 rows2016=27
time=2026-04-05T17:33:02.800+08:00 level=INFO msg="comparing DUN" dun=N.58 rows2021=27 rows2016=23
time=2026-04-05T17:33:02.800+08:00 level=INFO msg="comparing DUN" dun=N.59 rows2021=47 rows2016=39
time=2026-04-05T17:33:02.800+08:00 level=INFO msg="comparing DUN" dun=N.60 rows2021=45 rows2016=42
time=2026-04-05T17:33:02.800+08:00 level=INFO msg="comparing DUN" dun=N.61 rows2021=40 rows2016=37
time=2026-04-05T17:33:02.801+08:00 level=INFO msg="comparing DUN" dun=N.62 rows2021=63 rows2016=60
time=2026-04-05T17:33:02.801+08:00 level=INFO msg="comparing DUN" dun=N.63 rows2021=49 rows2016=42
time=2026-04-05T17:33:02.801+08:00 level=INFO msg="comparing DUN" dun=N.64 rows2021=69 rows2016=65
time=2026-04-05T17:33:02.802+08:00 level=INFO msg="comparing DUN" dun=N.65 rows2021=45 rows2016=37
time=2026-04-05T17:33:02.802+08:00 level=INFO msg="comparing DUN" dun=N.66 rows2021=44 rows2016=32
time=2026-04-05T17:33:02.802+08:00 level=INFO msg="comparing DUN" dun=N.67 rows2021=39 rows2016=32
time=2026-04-05T17:33:02.802+08:00 level=INFO msg="comparing DUN" dun=N.68 rows2021=50 rows2016=40
time=2026-04-05T17:33:02.802+08:00 level=INFO msg="comparing DUN" dun=N.69 rows2021=43 rows2016=39
time=2026-04-05T17:33:02.803+08:00 level=INFO msg="comparing DUN" dun=N.70 rows2021=44 rows2016=30
time=2026-04-05T17:33:02.803+08:00 level=INFO msg="comparing DUN" dun=N.71 rows2021=39 rows2016=35
time=2026-04-05T17:33:02.803+08:00 level=INFO msg="comparing DUN" dun=N.72 rows2021=50 rows2016=38
time=2026-04-05T17:33:02.803+08:00 level=INFO msg="comparing DUN" dun=N.73 rows2021=55 rows2016=42
time=2026-04-05T17:33:02.804+08:00 level=INFO msg="comparing DUN" dun=N.74 rows2021=62 rows2016=46
time=2026-04-05T17:33:02.804+08:00 level=INFO msg="comparing DUN" dun=N.75 rows2021=78 rows2016=48
time=2026-04-05T17:33:02.804+08:00 level=INFO msg="comparing DUN" dun=N.76 rows2021=71 rows2016=61
time=2026-04-05T17:33:02.804+08:00 level=INFO msg="comparing DUN" dun=N.77 rows2021=48 rows2016=39
time=2026-04-05T17:33:02.805+08:00 level=INFO msg="comparing DUN" dun=N.78 rows2021=44 rows2016=42
time=2026-04-05T17:33:02.805+08:00 level=WARN msg="2016 file not found" dun=N.79 path=/Users/leow/TINDAKMSIA/go-electdocs/data/sarawak-dun-2016/OUTPUT/Sarawak-N.79.csv
time=2026-04-05T17:33:02.805+08:00 level=INFO msg="comparing DUN" dun=N.80 rows2021=33 rows2016=29
time=2026-04-05T17:33:02.805+08:00 level=INFO msg="comparing DUN" dun=N.81 rows2021=29 rows2016=27
time=2026-04-05T17:33:02.805+08:00 level=WARN msg="2016 file not found" dun=N.82 path=/Users/leow/TINDAKMSIA/go-electdocs/data/sarawak-dun-2016/OUTPUT/Sarawak-N.82.csv
time=2026-04-05T17:33:02.820+08:00 level=INFO msg="phase-0 comparison complete" totalDUNs=82 dunsWithDiffs=80 totalMatched=1090 totalDiffs=1037 totalOnlyIn2021=2658 totalOnlyIn2016=2037
